Ruleset: {Ruleset clazzes={} defs={} filters=[] scopes={}}
